­ƒÜÇ Iniciando pruebas de endpoints...

--- ­ƒöÉ Auth Test ---
Ô£à Login exitoso
Token obtenido: eyJhbGciOiJIUzI1NiIs...
Ô£à Perfil obtenido: carolina

--- ­ƒôª Products Test ---
Ô£à Producto creado: Producto de Prueba Antigravity (ID: 6987b81178f5ae93083be80b )
Ô£à Listado de todos los productos obtenido. Total: 26
Ô£à Listado de productos disponibles obtenido. Total: 25
Ô£à Producto individual obtenido: Producto de Prueba Antigravity
Ô£à Disponibilidad verificada: Disponible
Ô£à Producto actualizado. Nuevo precio: 1750
Ô£à Producto marcado como vendido. isSold: true

--- ­ƒÆ░ Sales Test ---
Ô£à Listado de ventas obtenido. Total: 24
Ô£à Estad├¡sticas de ventas obtenidas: {"totalSales":24,"totalItemsSold":32,"totalRevenue":17300}

--- ­ƒº╣ Cleanup ---
Ô£à Producto de prueba eliminado

Ô£¿ Todas las pruebas completadas exitosamente! Ô£¿
